== verify ==
24
verify EXIT=0
stage FAIL low-noise
stages pass 23/24
== self-test ==
selftest EXIT=0
== report + package tc2 ==
Wrote docs/PROOF.md, docs/BENCHMARK.md and docs/COMPATIBILITY.md
report EXIT=0
Wrote docs/PROOF.md, docs/BENCHMARK.md and docs/COMPATIBILITY.md
{
  "package": "AsrWin-0.1.0-tc2-win-x64",
  "files": 255,
  "extracted_bytes": 4124742129,
  "folder": "dist\\AsrWin-0.1.0-tc2-win-x64",
  "archive": "dist\\AsrWin-0.1.0-tc2-win-x64.zip",
  "compressed_bytes": 1967563388,
  "archive_sha256": "0d97c972fecc2a2e7d2edc1d393dfe26fac6c8451e7ab1cba827954dbe6873d2",
  "archive_seconds": 55.87387139999919,
  "compression": "zip deflate level 6"
}
package EXIT=0
Package OK: 254 verified files
check EXIT=0
Wrote docs/PROOF.md, docs/BENCHMARK.md and docs/COMPATIBILITY.md
report2 EXIT=0
CHAIN_K_DONE
