== self-test ==
      "name": "ring wrap, timestamps, reserved capacity and rejected packet preserves accepted audio",
      "success": true
      "name": "raw PCM packet conversion is deferred; silent packet can have no data",
      "success": true
      "name": "Unicode roundtrip and mixed normalization",
      "success": true
      "name": "stop, drain and restart the same pipeline without stale or duplicate finals",
      "success": true
      "name": "forced 15 s splits preserve adjacent finalized audio",
      "success": true
  "success": true
selftest EXIT=0
== validator failure cases ==
  "success": true,
      "name": "valid",
      "success": true
      "name": "missing-stage",
      "success": true
      "name": "nonfinite",
      "success": true
      "name": "numerical-divergence",
      "success": true
      "name": "token-mismatch",
      "success": true
      "name": "incomplete-generation",
      "success": true
      "name": "prompt-mismatch",
      "success": true
validator EXIT=0
== cli failures ==
cli EXIT=0
== verify (0.6B, audited build) ==
0
verify EXIT=2
stage FAIL low-noise
stages pass 23/24
== boundaries ==
limit-15s PASS 195 tokens; 适当使用博客可以使学生变得更善于分析和进行思辨。通过积极回忆网络材料，学生们可以在他人的文章的上下文语境中找到自己的立场，并能够针对特定问题提出自己的观点。Work二零零二。
limit-15s-padded PASS 195 tokens; Many people don't think about them as dinosaurs because they have feathers and can fly.
repeat-interleaved PASS
boundaries: PASS
boundaries EXIT=0
== fault injection ==
finals 20, provisional lag p95 0.0 s, first-caption p95 21.598394 s, finalization p95 7.9124576 s, max backlog 8.2105779 s, peak working set 6503141376 bytes
[69.00s] stopped: Overload: finalized-work backlog exceeded 20 s
finals 4, provisional lag p95 0.0 s, first-caption p95 41.828769 s, finalization p95 43.0319503 s, max backlog 30.728771 s, peak working set 6226063360 bytes
== simulate-live ==
finals 3, provisional lag p95 1.2020967 s, first-caption p95 2.6557253 s, finalization p95 1.4423404 s, max backlog 1.1764262 s, peak working set 6226407424 bytes
live english-0002 EXIT=0
finals 1, provisional lag p95 1.8045883 s, first-caption p95 2.6570399 s, finalization p95 3.4955493 s, max backlog 1.0522707 s, peak working set 6476914688 bytes
live mandarin-0003 EXIT=0
finals 1, provisional lag p95 0.6704277 s, first-caption p95 2.6604277 s, finalization p95 0.8869478 s, max backlog 0.4264232 s, peak working set 6226534400 bytes
live mixed-0009 EXIT=0
finals 2, provisional lag p95 1.4328974 s, first-caption p95 2.7048288 s, finalization p95 2.2597491 s, max backlog 2.2539091 s, peak working set 6226989056 bytes
live mandarin-0002 EXIT=0
== gui test ==
finals match oracle text for fully played clips OK {'pooled_error_rate': 0.0, 'exact_line_matches': 3, 'expected': 4, 'lines': ['这并不是告别。', '这是一个篇章的结束，也是新篇章的开始。', '钙、钾等元素属于金属，银和金等元素，当然也是金属。', '桥下垂直净空十五米。该项目于二零一一年八月完工，但直到二零一七年三月才开始通车。', '适当使用博客可以使学生变得更善于分析和进行思辨。通过积极回忆网络材料，学生们可以在他人的文章的上下文语境中找到自己的立场，并能够针对特定问题提出自己的观点。Work二零零二。', '科学家们可以得。']}
save enabled with transcript OK {}
window closes cleanly OK {'exit_code': 0}
gui-test PASS
gui EXIT=0
== capture 3min (default endpoint) ==
  },
  "success": true,
  "stop_reason": "Duration elapsed",
  "provisional_lag_p95": 1.663465299,
  "first_caption_p95": 3.163519899,
  "finalization_p95": 2.896752,
  "max_backlog": 3.643598201
}
capture3 EXIT=0
== capture 3min (named endpoint) ==
  },
  "success": true,
  "stop_reason": "Duration elapsed",
  "provisional_lag_p95": 1.660201099,
  "first_caption_p95": 3.1449403,
  "finalization_p95": 2.7717686,
  "max_backlog": 3.6040636
}
capture3steam EXIT=0
== capture 60min (named endpoint) ==
      "clips_without_caption": 0
    },
    "english": {
      "clips": 126,
      "human_error_rate": 0.03871467286101433,
      "oracle_error_rate": 0.00195160031225605,
      "clips_without_caption": 0
    },
    "mixed": {
      "clips": 126,
      "human_error_rate": 0.34146341463414637,
      "oracle_error_rate": 0.05263157894736842,
      "clips_without_caption": 0
    }
  },
  "success": true,
  "stop_reason": "Duration elapsed",
  "provisional_lag_p95": 1.6359112,
  "first_caption_p95": 3.093378199,
  "finalization_p95": 3.533190301,
  "max_backlog": 3.7049382
}
capture60 EXIT=0
== manifest + publisher hashes ==
Model manifest frozen: 4075536036 bytes
  "acquired_files_pass": true,
  "shipped_model_acquired": true
== package tc2 ==
Wrote docs/PROOF.md, docs/BENCHMARK.md and docs/COMPATIBILITY.md
{
  "package": "AsrWin-0.1.0-tc2-win-x64",
  "files": 255,
  "extracted_bytes": 4124741084,
  "folder": "dist\\AsrWin-0.1.0-tc2-win-x64",
  "archive": "dist\\AsrWin-0.1.0-tc2-win-x64.zip",
  "compressed_bytes": 1967562367,
  "archive_sha256": "3009fe7f78abfcc776275c6c4c422131e3890c42059fd7741f4505c95fa4acb3",
  "archive_seconds": 55.72261179999623,
  "compression": "zip deflate level 6"
}
package EXIT=0
== check-package ==
Package OK: 254 verified files
check EXIT=0
== proof report ==
Wrote docs/PROOF.md, docs/BENCHMARK.md and docs/COMPATIBILITY.md
report EXIT=0
CHAIN_I_DONE
EXIT=0
