Verifying model assets...
Using GPU: AMD Radeon RX 9060 XT...
Loading encoder...
[0;93m2026-09-08 14:25:59.5341551 [W:onnxruntime:, session_state.cc:1327 onnxruntime::VerifyEachNodeIsAssignedToAnEp] Some nodes were not assigned to the preferred execution providers which may or may not have an negative impact on performance. e.g. ORT explicitly assigns shape related ops to CPU to improve perf.[m
[0;93m2026-09-08 14:25:59.5345582 [W:onnxruntime:, session_state.cc:1329 onnxruntime::VerifyEachNodeIsAssignedToAnEp] Rerunning with verbose output on a non-minimal build will show node assignments.[m
Loading decoder prefill...
[0;93m2026-09-08 14:25:59.7816418 [W:onnxruntime:, session_state.cc:1327 onnxruntime::VerifyEachNodeIsAssignedToAnEp] Some nodes were not assigned to the preferred execution providers which may or may not have an negative impact on performance. e.g. ORT explicitly assigns shape related ops to CPU to improve perf.[m
[0;93m2026-09-08 14:25:59.7820057 [W:onnxruntime:, session_state.cc:1329 onnxruntime::VerifyEachNodeIsAssignedToAnEp] Rerunning with verbose output on a non-minimal build will show node assignments.[m
Loading cached decoder...
[0;93m2026-09-08 14:26:01.0435307 [W:onnxruntime:, session_state.cc:1327 onnxruntime::VerifyEachNodeIsAssignedToAnEp] Some nodes were not assigned to the preferred execution providers which may or may not have an negative impact on performance. e.g. ORT explicitly assigns shape related ops to CPU to improve perf.[m
[0;93m2026-09-08 14:26:01.0438944 [W:onnxruntime:, session_state.cc:1329 onnxruntime::VerifyEachNodeIsAssignedToAnEp] Rerunning with verbose output on a non-minimal build will show node assignments.[m
Model ready...
GPU warm-up done...
[0.00s] status: Listening
[5.10s] provisional #1 r1 [2.58-4.58s] lag 0.51s backlog 0.00s eos: 桥下垂直净空十五米。
[7.34s] provisional #1 r2 [2.58-6.58s] lag 0.74s backlog 0.00s eos: 桥下垂直净空十五米，该项目于二零一一年。
[9.44s] provisional #1 r3 [2.58-8.58s] lag 0.86s backlog 0.00s eos: 桥下垂直净空十五米，该项目于二零一一年八月完工。但
[11.81s] provisional #1 r4 [2.58-10.58s] lag 1.23s backlog 0.00s eos: 桥下垂直净空十五米，该项目于二零一一年八月完工，但直到二零一七年三月才。
[13.50s] final #1 silence [2.58-12.14s] lag 1.35s backlog 0.00s eos: 桥下垂直净空十五米，该项目于二零一一年八月完工，但直到二零一七年三月才开始通车。
[13.91s] final #3 silence [12.14-13.70s] lag 0.21s backlog 0.00s eos: 
[14.86s] stopped: Input exhausted
finals 2, provisional lag p95 1.2252047 s, first-caption p95 2.509609 s, finalization p95 1.3531517 s, max backlog 1.3410467 s, peak working set 1625251840 bytes
