Verifying model assets...
Using GPU: AMD Radeon RX 9060 XT...
Loading encoder...
[0;93m2026-09-08 15:39:17.4197390 [W:onnxruntime:, session_state.cc:1327 onnxruntime::VerifyEachNodeIsAssignedToAnEp] Some nodes were not assigned to the preferred execution providers which may or may not have an negative impact on performance. e.g. ORT explicitly assigns shape related ops to CPU to improve perf.[m
[0;93m2026-09-08 15:39:17.4210053 [W:onnxruntime:, session_state.cc:1329 onnxruntime::VerifyEachNodeIsAssignedToAnEp] Rerunning with verbose output on a non-minimal build will show node assignments.[m
Loading decoder prefill...
[0;93m2026-09-08 15:39:17.8002546 [W:onnxruntime:, session_state.cc:1327 onnxruntime::VerifyEachNodeIsAssignedToAnEp] Some nodes were not assigned to the preferred execution providers which may or may not have an negative impact on performance. e.g. ORT explicitly assigns shape related ops to CPU to improve perf.[m
[0;93m2026-09-08 15:39:17.8009149 [W:onnxruntime:, session_state.cc:1329 onnxruntime::VerifyEachNodeIsAssignedToAnEp] Rerunning with verbose output on a non-minimal build will show node assignments.[m
Loading cached decoder...
[0;93m2026-09-08 15:39:21.0274257 [W:onnxruntime:, session_state.cc:1327 onnxruntime::VerifyEachNodeIsAssignedToAnEp] Some nodes were not assigned to the preferred execution providers which may or may not have an negative impact on performance. e.g. ORT explicitly assigns shape related ops to CPU to improve perf.[m
[0;93m2026-09-08 15:39:21.0278005 [W:onnxruntime:, session_state.cc:1329 onnxruntime::VerifyEachNodeIsAssignedToAnEp] Rerunning with verbose output on a non-minimal build will show node assignments.[m
Model ready...
GPU warm-up done...
[0.00s] status: Listening
[3.41s] provisional #1 r1 [0.62-2.62s] lag 0.79s backlog 0.00s eos: 适当使用博客，可以使学。
[5.89s] provisional #1 r2 [0.62-4.62s] lag 1.27s backlog 0.00s eos: 适当使用博客，可以使学生变得更善于分析和进行。
[8.32s] provisional #1 r3 [0.62-6.62s] lag 1.69s backlog 0.00s eos: 适当使用博客，可以使学生变得更善于分析和进行思辨。通过积极回忆网络材料。
[19.56s] final #1 silence [0.62-15.36s] lag 4.20s backlog 0.00s eos: 适当使用博客可以使学生变得更善于分析和进行思辨。通过积极回忆网络材料，学生们可以在他人的文章的上下文语境中找到自己的立场，并能够针对特定问题提出自己的观点。Work 2002。
[19.56s] stopped: Input exhausted
finals 1, provisional lag p95 1.687357 s, first-caption p95 2.7767899 s, finalization p95 4.1968564 s, max backlog 1.053289 s, peak working set 9249947648 bytes
