Verifying model assets...
Using GPU: AMD Radeon RX 9060 XT...
Loading encoder...
[0;93m2026-09-08 15:38:45.0740389 [W:onnxruntime:, session_state.cc:1327 onnxruntime::VerifyEachNodeIsAssignedToAnEp] Some nodes were not assigned to the preferred execution providers which may or may not have an negative impact on performance. e.g. ORT explicitly assigns shape related ops to CPU to improve perf.[m
[0;93m2026-09-08 15:38:45.0753195 [W:onnxruntime:, session_state.cc:1329 onnxruntime::VerifyEachNodeIsAssignedToAnEp] Rerunning with verbose output on a non-minimal build will show node assignments.[m
Loading decoder prefill...
[0;93m2026-09-08 15:38:45.4079251 [W:onnxruntime:, session_state.cc:1327 onnxruntime::VerifyEachNodeIsAssignedToAnEp] Some nodes were not assigned to the preferred execution providers which may or may not have an negative impact on performance. e.g. ORT explicitly assigns shape related ops to CPU to improve perf.[m
[0;93m2026-09-08 15:38:45.4122244 [W:onnxruntime:, session_state.cc:1329 onnxruntime::VerifyEachNodeIsAssignedToAnEp] Rerunning with verbose output on a non-minimal build will show node assignments.[m
Loading cached decoder...
[0;93m2026-09-08 15:38:48.6305881 [W:onnxruntime:, session_state.cc:1327 onnxruntime::VerifyEachNodeIsAssignedToAnEp] Some nodes were not assigned to the preferred execution providers which may or may not have an negative impact on performance. e.g. ORT explicitly assigns shape related ops to CPU to improve perf.[m
[0;93m2026-09-08 15:38:48.6309560 [W:onnxruntime:, session_state.cc:1329 onnxruntime::VerifyEachNodeIsAssignedToAnEp] Rerunning with verbose output on a non-minimal build will show node assignments.[m
Model ready...
GPU warm-up done...
[0.00s] status: Listening
[5.54s] provisional #1 r1 [2.58-4.58s] lag 0.96s backlog 0.00s eos: 桥下垂直净空十五米。
[8.06s] provisional #1 r2 [2.58-6.58s] lag 1.48s backlog 0.00s eos: 桥下垂直净空十五米。该项目于二零一一年。
[10.43s] provisional #1 r3 [2.58-8.58s] lag 1.85s backlog 0.00s eos: 桥下垂直净空十五米。该项目于二零一一年八月完工，但。
[15.55s] final #1 silence [2.58-12.14s] lag 3.41s backlog 1.84s eos: 桥下垂直净空十五米。该项目于二零一一年八月完工，但直到二零一七年三月才开始通车。
[15.96s] final #3 silence [12.14-13.70s] lag 2.25s backlog 0.00s eos: 
[15.96s] stopped: Input exhausted
finals 2, provisional lag p95 1.845693 s, first-caption p95 2.9621445 s, finalization p95 3.4076221 s, max backlog 2.712364 s, peak working set 3192692736 bytes
