Verifying model assets...
Using GPU: AMD Radeon RX 9060 XT...
Loading encoder...
[0;93m2026-09-08 15:38:15.6431212 [W:onnxruntime:, session_state.cc:1327 onnxruntime::VerifyEachNodeIsAssignedToAnEp] Some nodes were not assigned to the preferred execution providers which may or may not have an negative impact on performance. e.g. ORT explicitly assigns shape related ops to CPU to improve perf.[m
[0;93m2026-09-08 15:38:15.6444053 [W:onnxruntime:, session_state.cc:1329 onnxruntime::VerifyEachNodeIsAssignedToAnEp] Rerunning with verbose output on a non-minimal build will show node assignments.[m
Loading decoder prefill...
[0;93m2026-09-08 15:38:15.9921684 [W:onnxruntime:, session_state.cc:1327 onnxruntime::VerifyEachNodeIsAssignedToAnEp] Some nodes were not assigned to the preferred execution providers which may or may not have an negative impact on performance. e.g. ORT explicitly assigns shape related ops to CPU to improve perf.[m
[0;93m2026-09-08 15:38:15.9928456 [W:onnxruntime:, session_state.cc:1329 onnxruntime::VerifyEachNodeIsAssignedToAnEp] Rerunning with verbose output on a non-minimal build will show node assignments.[m
Loading cached decoder...
[0;93m2026-09-08 15:38:19.2806215 [W:onnxruntime:, session_state.cc:1327 onnxruntime::VerifyEachNodeIsAssignedToAnEp] Some nodes were not assigned to the preferred execution providers which may or may not have an negative impact on performance. e.g. ORT explicitly assigns shape related ops to CPU to improve perf.[m
[0;93m2026-09-08 15:38:19.2809865 [W:onnxruntime:, session_state.cc:1329 onnxruntime::VerifyEachNodeIsAssignedToAnEp] Rerunning with verbose output on a non-minimal build will show node assignments.[m
Model ready...
GPU warm-up done...
[0.00s] status: Listening
[3.01s] final #1 silence [0.22-1.98s] lag 1.01s backlog 0.00s eos: To the north and within easy reach.
[4.79s] provisional #3 r1 [1.98-3.98s] lag 0.81s backlog 0.00s eos: Is a romantic and fascinating town.
[6.84s] final #3 silence [1.98-5.44s] lag 1.39s backlog 0.00s eos: Is the romantic and fascinating town of Sintra, and which was.
[8.43s] provisional #5 r2 [5.68-7.68s] lag 0.75s backlog 0.00s eos: To foreigners, after a.
[11.02s] provisional #5 r3 [5.68-9.68s] lag 1.34s backlog 0.00s eos: To foreigners, after a glowing account of its splendorous record.
[13.01s] final #5 silence [5.68-11.28s] lag 1.72s backlog 0.00s eos: Famous to foreigners after a glowing account of its splendours recorded by Lord Byron.
[13.01s] stopped: Input exhausted
finals 3, provisional lag p95 1.3403737 s, first-caption p95 2.7952422 s, finalization p95 1.7223296 s, max backlog 1.375175 s, peak working set 2946977792 bytes
