Verifying model assets...
Using GPU: AMD Radeon RX 9060 XT...
Loading encoder...
[0;93m2026-09-08 14:25:40.0130566 [W:onnxruntime:, session_state.cc:1327 onnxruntime::VerifyEachNodeIsAssignedToAnEp] Some nodes were not assigned to the preferred execution providers which may or may not have an negative impact on performance. e.g. ORT explicitly assigns shape related ops to CPU to improve perf.[m
[0;93m2026-09-08 14:25:40.0134516 [W:onnxruntime:, session_state.cc:1329 onnxruntime::VerifyEachNodeIsAssignedToAnEp] Rerunning with verbose output on a non-minimal build will show node assignments.[m
Loading decoder prefill...
[0;93m2026-09-08 14:25:40.2676423 [W:onnxruntime:, session_state.cc:1327 onnxruntime::VerifyEachNodeIsAssignedToAnEp] Some nodes were not assigned to the preferred execution providers which may or may not have an negative impact on performance. e.g. ORT explicitly assigns shape related ops to CPU to improve perf.[m
[0;93m2026-09-08 14:25:40.2680071 [W:onnxruntime:, session_state.cc:1329 onnxruntime::VerifyEachNodeIsAssignedToAnEp] Rerunning with verbose output on a non-minimal build will show node assignments.[m
Loading cached decoder...
[0;93m2026-09-08 14:25:41.5623928 [W:onnxruntime:, session_state.cc:1327 onnxruntime::VerifyEachNodeIsAssignedToAnEp] Some nodes were not assigned to the preferred execution providers which may or may not have an negative impact on performance. e.g. ORT explicitly assigns shape related ops to CPU to improve perf.[m
[0;93m2026-09-08 14:25:41.5627600 [W:onnxruntime:, session_state.cc:1329 onnxruntime::VerifyEachNodeIsAssignedToAnEp] Rerunning with verbose output on a non-minimal build will show node assignments.[m
Model ready...
GPU warm-up done...
[0.00s] status: Listening
[2.54s] final #1 silence [0.22-1.98s] lag 0.56s backlog 0.00s eos: To the north and within easy reach.
[4.39s] provisional #3 r1 [1.98-3.98s] lag 0.41s backlog 0.00s eos: Is a romantic and fascinating town.
[6.08s] final #3 silence [1.98-5.44s] lag 0.64s backlog 0.00s eos: Is a romantic and fascinating town of Sintra and which was
[8.06s] provisional #5 r2 [5.68-7.68s] lag 0.38s backlog 0.00s eos: Famous to foreigners after.
[10.42s] provisional #5 r3 [5.68-9.68s] lag 0.73s backlog 0.00s eos: Famous, to foreigners after a glowing account of its splendorous record.
[12.21s] final #5 silence [5.68-11.28s] lag 0.93s backlog 0.00s eos: Famous, to foreigners after a glowing account of its splendourous recorded by Lord Byron.
[12.46s] stopped: Input exhausted
finals 3, provisional lag p95 0.7294231 s, first-caption p95 2.4096968 s, finalization p95 0.9256773 s, max backlog 0.913271 s, peak working set 1612488704 bytes
