Verifying model assets...
Using GPU: AMD Radeon RX 9060 XT...
Loading encoder...
[0;93m2026-09-08 14:25:03.1052404 [W:onnxruntime:, session_state.cc:1327 onnxruntime::VerifyEachNodeIsAssignedToAnEp] Some nodes were not assigned to the preferred execution providers which may or may not have an negative impact on performance. e.g. ORT explicitly assigns shape related ops to CPU to improve perf.[m
[0;93m2026-09-08 14:25:03.1056354 [W:onnxruntime:, session_state.cc:1329 onnxruntime::VerifyEachNodeIsAssignedToAnEp] Rerunning with verbose output on a non-minimal build will show node assignments.[m
Loading decoder prefill...
[0;93m2026-09-08 14:25:03.3597545 [W:onnxruntime:, session_state.cc:1327 onnxruntime::VerifyEachNodeIsAssignedToAnEp] Some nodes were not assigned to the preferred execution providers which may or may not have an negative impact on performance. e.g. ORT explicitly assigns shape related ops to CPU to improve perf.[m
[0;93m2026-09-08 14:25:03.3601211 [W:onnxruntime:, session_state.cc:1329 onnxruntime::VerifyEachNodeIsAssignedToAnEp] Rerunning with verbose output on a non-minimal build will show node assignments.[m
Loading cached decoder...
[0;93m2026-09-08 14:25:04.6415244 [W:onnxruntime:, session_state.cc:1327 onnxruntime::VerifyEachNodeIsAssignedToAnEp] Some nodes were not assigned to the preferred execution providers which may or may not have an negative impact on performance. e.g. ORT explicitly assigns shape related ops to CPU to improve perf.[m
[0;93m2026-09-08 14:25:04.6418909 [W:onnxruntime:, session_state.cc:1329 onnxruntime::VerifyEachNodeIsAssignedToAnEp] Rerunning with verbose output on a non-minimal build will show node assignments.[m
Model ready...
mandarin-0000: PASS
mandarin-0001: PASS
mandarin-0002: PASS
mandarin-0003: PASS
mandarin-0004: PASS
mandarin-0005: PASS
english-0000: PASS
english-0001: PASS
english-0002: PASS
english-0003: PASS
english-0004: PASS
english-0005: PASS
mixed-0004: PASS
mixed-0009: PASS
mixed-0028: PASS
mixed-0055: PASS
mixed-0066: PASS
mixed-0068: PASS
silence-short: PASS
silence: PASS
silence-long: PASS
low-noise: PASS
tone: PASS
clicks: PASS
